2002.05.10 01:25 A D:\중요 자료 백업\SARANGBI BGM\ver 2.1\sarangbi_bgm\admin\category.php --> linuxstudy.pe.kr /public_html/ver 2.1/sarangbi_bgm/admin category.php
2002.05.10 01:25 A D:\중요 자료 백업\SARANGBI BGM\ver 2.1\sarangbi_bgm\admin\category_del.php --> linuxstudy.pe.kr /public_html/ver 2.1/sarangbi_bgm/admin category_del.php
2002.05.10 01:25 A D:\중요 자료 백업\SARANGBI BGM\ver 2.1\sarangbi_bgm\admin\category_mod.php --> linuxstudy.pe.kr /public_html/ver 2.1/sarangbi_bgm/admin category_mod.php
2002.05.10 01:25 A D:\중요 자료 백업\SARANGBI BGM\ver 2.1\sarangbi_bgm\admin\category_wrt.php --> linuxstudy.pe.kr /public_html/ver 2.1/sarangbi_bgm/admin category_wrt.php
2002.05.10 01:25 A D:\중요 자료 백업\SARANGBI BGM\ver 2.1\sarangbi_bgm\admin\change_pw.php --> linuxstudy.pe.kr /public_html/ver 2.1/sarangbi_bgm/admin change_pw.php
2002.05.10 01:25 A D:\중요 자료 백업\SARANGBI BGM\ver 2.1\sarangbi_bgm\admin\change_pw_write.php --> linuxstudy.pe.kr /public_html/ver 2.1/sarangbi_bgm/admin change_pw_write.php
2002.05.10 01:25 A D:\중요 자료 백업\SARANGBI BGM\ver 2.1\sarangbi_bgm\admin\common.php --> linuxstudy.pe.kr /public_html/ver 2.1/sarangbi_bgm/admin common.php
2002.05.10 01:25 A D:\중요 자료 백업\SARANGBI BGM\ver 2.1\sarangbi_bgm\admin\ftp_add.php --> linuxstudy.pe.kr /public_html/ver 2.1/sarangbi_bgm/admin ftp_add.php
2002.05.10 01:25 A D:\중요 자료 백업\SARANGBI BGM\ver 2.1\sarangbi_bgm\admin\ftp_del.php --> linuxstudy.pe.kr /public_html/ver 2.1/sarangbi_bgm/admin ftp_del.php
2002.05.10 01:25 A D:\중요 자료 백업\SARANGBI BGM\ver 2.1\sarangbi_bgm\admin\ftp_save.php --> linuxstudy.pe.kr /public_html/ver 2.1/sarangbi_bgm/admin ftp_save.php
2002.05.10 01:25 A D:\중요 자료 백업\SARANGBI BGM\ver 2.1\sarangbi_bgm\admin\ftp_set.php --> linuxstudy.pe.kr /public_html/ver 2.1/sarangbi_bgm/admin ftp_set.php
2002.05.10 01:25 A D:\중요 자료 백업\SARANGBI BGM\ver 2.1\sarangbi_bgm\admin\ftp_test.php --> linuxstudy.pe.kr /public_html/ver 2.1/sarangbi_bgm/admin ftp_test.php
2002.05.10 01:25 A D:\중요 자료 백업\SARANGBI BGM\ver 2.1\sarangbi_bgm\admin\ftp_write.php --> linuxstudy.pe.kr /public_html/ver 2.1/sarangbi_bgm/admin ftp_write.php
2002.05.10 01:25 A D:\중요 자료 백업\SARANGBI BGM\ver 2.1\sarangbi_bgm\admin\link.php --> linuxstudy.pe.kr /public_html/ver 2.1/sarangbi_bgm/admin link.php
2002.05.10 01:25 A D:\중요 자료 백업\SARANGBI BGM\ver 2.1\sarangbi_bgm\admin\link_write.php --> linuxstudy.pe.kr /public_html/ver 2.1/sarangbi_bgm/admin link_write.php
2002.05.10 01:25 A D:\중요 자료 백업\SARANGBI BGM\ver 2.1\sarangbi_bgm\admin\list.php --> linuxstudy.pe.kr /public_html/ver 2.1/sarangbi_bgm/admin list.php
2002.05.10 01:25 A D:\중요 자료 백업\SARANGBI BGM\ver 2.1\sarangbi_bgm\admin\list_del.php --> linuxstudy.pe.kr /public_html/ver 2.1/sarangbi_bgm/admin list_del.php
2002.05.10 01:25 A D:\중요 자료 백업\SARANGBI BGM\ver 2.1\sarangbi_bgm\admin\list_del_ok.php --> linuxstudy.pe.kr /public_html/ver 2.1/sarangbi_bgm/admin list_del_ok.php
2002.05.10 01:25 A D:\중요 자료 백업\SARANGBI BGM\ver 2.1\sarangbi_bgm\admin\list_mc.php --> linuxstudy.pe.kr /public_html/ver 2.1/sarangbi_bgm/admin list_mc.php
2002.05.10 01:25 A D:\중요 자료 백업\SARANGBI BGM\ver 2.1\sarangbi_bgm\admin\list_mc_ok.php --> linuxstudy.pe.kr /public_html/ver 2.1/sarangbi_bgm/admin list_mc_ok.php
2002.05.10 01:25 A D:\중요 자료 백업\SARANGBI BGM\ver 2.1\sarangbi_bgm\admin\list_mod.php --> linuxstudy.pe.kr /public_html/ver 2.1/sarangbi_bgm/admin list_mod.php
2002.05.10 01:25 A D:\중요 자료 백업\SARANGBI BGM\ver 2.1\sarangbi_bgm\admin\list_mod_ok.php --> linuxstudy.pe.kr /public_html/ver 2.1/sarangbi_bgm/admin list_mod_ok.php
2002.05.10 01:25 A D:\중요 자료 백업\SARANGBI BGM\ver 2.1\sarangbi_bgm\admin\list_up.php --> linuxstudy.pe.kr /public_html/ver 2.1/sarangbi_bgm/admin list_up.php
2002.05.10 01:25 A D:\중요 자료 백업\SARANGBI BGM\ver 2.1\sarangbi_bgm\admin\list_use.php --> linuxstudy.pe.kr /public_html/ver 2.1/sarangbi_bgm/admin list_use.php
2002.05.10 01:25 A D:\중요 자료 백업\SARANGBI BGM\ver 2.1\sarangbi_bgm\admin\login.php --> linuxstudy.pe.kr /public_html/ver 2.1/sarangbi_bgm/admin login.php
2002.05.10 01:25 A D:\중요 자료 백업\SARANGBI BGM\ver 2.1\sarangbi_bgm\admin\login_check.php --> linuxstudy.pe.kr /public_html/ver 2.1/sarangbi_bgm/admin login_check.php
2002.05.10 01:25 A D:\중요 자료 백업\SARANGBI BGM\ver 2.1\sarangbi_bgm\admin\main.php --> linuxstudy.pe.kr /public_html/ver 2.1/sarangbi_bgm/admin main.php
2002.05.10 01:25 A D:\중요 자료 백업\SARANGBI BGM\ver 2.1\sarangbi_bgm\admin\setup.php --> linuxstudy.pe.kr /public_html/ver 2.1/sarangbi_bgm/admin setup.php
2002.05.10 01:25 A D:\중요 자료 백업\SARANGBI BGM\ver 2.1\sarangbi_bgm\admin\setup_write.php --> linuxstudy.pe.kr /public_html/ver 2.1/sarangbi_bgm/admin setup_write.php
2002.05.10 01:25 A D:\중요 자료 백업\SARANGBI BGM\ver 2.1\sarangbi_bgm\admin\tail.php --> linuxstudy.pe.kr /public_html/ver 2.1/sarangbi_bgm/admin tail.php
2002.05.10 01:25 A D:\중요 자료 백업\SARANGBI BGM\ver 2.1\sarangbi_bgm\admin\top.php --> linuxstudy.pe.kr /public_html/ver 2.1/sarangbi_bgm/admin top.php
2002.05.10 01:25 A D:\중요 자료 백업\SARANGBI BGM\ver 2.1\sarangbi_bgm\admin\upload.php --> linuxstudy.pe.kr /public_html/ver 2.1/sarangbi_bgm/admin upload.php
2002.05.10 01:25 A D:\중요 자료 백업\SARANGBI BGM\ver 2.1\sarangbi_bgm\admin\upload_write.php --> linuxstudy.pe.kr /public_html/ver 2.1/sarangbi_bgm/admin upload_write.php
