2002.05.10 01:25 B D:\중요 자료 백업\SARANGBI BGM\ver 2.1\sarangbi_bgm\admin\img\back.gif --> linuxstudy.pe.kr /public_html/ver 2.1/sarangbi_bgm/admin/img back.gif
2002.05.10 01:25 B D:\중요 자료 백업\SARANGBI BGM\ver 2.1\sarangbi_bgm\admin\img\bottom.jpg --> linuxstudy.pe.kr /public_html/ver 2.1/sarangbi_bgm/admin/img bottom.jpg
2002.05.10 01:25 B D:\중요 자료 백업\SARANGBI BGM\ver 2.1\sarangbi_bgm\admin\img\btn_1.gif --> linuxstudy.pe.kr /public_html/ver 2.1/sarangbi_bgm/admin/img btn_1.gif
2002.05.10 01:25 B D:\중요 자료 백업\SARANGBI BGM\ver 2.1\sarangbi_bgm\admin\img\btn_1_over.gif --> linuxstudy.pe.kr /public_html/ver 2.1/sarangbi_bgm/admin/img btn_1_over.gif
2002.05.10 01:25 B D:\중요 자료 백업\SARANGBI BGM\ver 2.1\sarangbi_bgm\admin\img\btn_2.gif --> linuxstudy.pe.kr /public_html/ver 2.1/sarangbi_bgm/admin/img btn_2.gif
2002.05.10 01:25 B D:\중요 자료 백업\SARANGBI BGM\ver 2.1\sarangbi_bgm\admin\img\btn_2_over.gif --> linuxstudy.pe.kr /public_html/ver 2.1/sarangbi_bgm/admin/img btn_2_over.gif
2002.05.10 01:25 B D:\중요 자료 백업\SARANGBI BGM\ver 2.1\sarangbi_bgm\admin\img\btn_3.gif --> linuxstudy.pe.kr /public_html/ver 2.1/sarangbi_bgm/admin/img btn_3.gif
2002.05.10 01:25 B D:\중요 자료 백업\SARANGBI BGM\ver 2.1\sarangbi_bgm\admin\img\btn_3_over.gif --> linuxstudy.pe.kr /public_html/ver 2.1/sarangbi_bgm/admin/img btn_3_over.gif
2002.05.10 01:25 B D:\중요 자료 백업\SARANGBI BGM\ver 2.1\sarangbi_bgm\admin\img\btn_4.gif --> linuxstudy.pe.kr /public_html/ver 2.1/sarangbi_bgm/admin/img btn_4.gif
2002.05.10 01:25 B D:\중요 자료 백업\SARANGBI BGM\ver 2.1\sarangbi_bgm\admin\img\btn_4_over.gif --> linuxstudy.pe.kr /public_html/ver 2.1/sarangbi_bgm/admin/img btn_4_over.gif
2002.05.10 01:25 B D:\중요 자료 백업\SARANGBI BGM\ver 2.1\sarangbi_bgm\admin\img\btn_5.gif --> linuxstudy.pe.kr /public_html/ver 2.1/sarangbi_bgm/admin/img btn_5.gif
2002.05.10 01:25 B D:\중요 자료 백업\SARANGBI BGM\ver 2.1\sarangbi_bgm\admin\img\btn_5_over.gif --> linuxstudy.pe.kr /public_html/ver 2.1/sarangbi_bgm/admin/img btn_5_over.gif
2002.05.10 01:25 B D:\중요 자료 백업\SARANGBI BGM\ver 2.1\sarangbi_bgm\admin\img\btn_6.gif --> linuxstudy.pe.kr /public_html/ver 2.1/sarangbi_bgm/admin/img btn_6.gif
2002.05.10 01:25 B D:\중요 자료 백업\SARANGBI BGM\ver 2.1\sarangbi_bgm\admin\img\btn_6_over.gif --> linuxstudy.pe.kr /public_html/ver 2.1/sarangbi_bgm/admin/img btn_6_over.gif
2002.05.10 01:25 B D:\중요 자료 백업\SARANGBI BGM\ver 2.1\sarangbi_bgm\admin\img\btn_7.gif --> linuxstudy.pe.kr /public_html/ver 2.1/sarangbi_bgm/admin/img btn_7.gif
2002.05.10 01:25 B D:\중요 자료 백업\SARANGBI BGM\ver 2.1\sarangbi_bgm\admin\img\btn_7_over.gif --> linuxstudy.pe.kr /public_html/ver 2.1/sarangbi_bgm/admin/img btn_7_over.gif
2002.05.10 01:25 B D:\중요 자료 백업\SARANGBI BGM\ver 2.1\sarangbi_bgm\admin\img\btn_8.gif --> linuxstudy.pe.kr /public_html/ver 2.1/sarangbi_bgm/admin/img btn_8.gif
2002.05.10 01:25 B D:\중요 자료 백업\SARANGBI BGM\ver 2.1\sarangbi_bgm\admin\img\btn_8_over.gif --> linuxstudy.pe.kr /public_html/ver 2.1/sarangbi_bgm/admin/img btn_8_over.gif
2002.05.10 01:25 B D:\중요 자료 백업\SARANGBI BGM\ver 2.1\sarangbi_bgm\admin\img\c.gif --> linuxstudy.pe.kr /public_html/ver 2.1/sarangbi_bgm/admin/img c.gif
2002.05.10 01:25 B D:\중요 자료 백업\SARANGBI BGM\ver 2.1\sarangbi_bgm\admin\img\cancel.gif --> linuxstudy.pe.kr /public_html/ver 2.1/sarangbi_bgm/admin/img cancel.gif
2002.05.10 01:25 B D:\중요 자료 백업\SARANGBI BGM\ver 2.1\sarangbi_bgm\admin\img\disk.gif --> linuxstudy.pe.kr /public_html/ver 2.1/sarangbi_bgm/admin/img disk.gif
2002.05.10 01:25 B D:\중요 자료 백업\SARANGBI BGM\ver 2.1\sarangbi_bgm\admin\img\install1.jpg --> linuxstudy.pe.kr /public_html/ver 2.1/sarangbi_bgm/admin/img install1.jpg
2002.05.10 01:25 B D:\중요 자료 백업\SARANGBI BGM\ver 2.1\sarangbi_bgm\admin\img\install2.jpg --> linuxstudy.pe.kr /public_html/ver 2.1/sarangbi_bgm/admin/img install2.jpg
2002.05.10 01:25 B D:\중요 자료 백업\SARANGBI BGM\ver 2.1\sarangbi_bgm\admin\img\logo.gif --> linuxstudy.pe.kr /public_html/ver 2.1/sarangbi_bgm/admin/img logo.gif
2002.05.10 01:25 B D:\중요 자료 백업\SARANGBI BGM\ver 2.1\sarangbi_bgm\admin\img\logout.gif --> linuxstudy.pe.kr /public_html/ver 2.1/sarangbi_bgm/admin/img logout.gif
2002.05.10 01:25 B D:\중요 자료 백업\SARANGBI BGM\ver 2.1\sarangbi_bgm\admin\img\menu.gif --> linuxstudy.pe.kr /public_html/ver 2.1/sarangbi_bgm/admin/img menu.gif
2002.05.10 01:25 B D:\중요 자료 백업\SARANGBI BGM\ver 2.1\sarangbi_bgm\admin\img\next.gif --> linuxstudy.pe.kr /public_html/ver 2.1/sarangbi_bgm/admin/img next.gif
2002.05.10 01:25 B D:\중요 자료 백업\SARANGBI BGM\ver 2.1\sarangbi_bgm\admin\img\ok.gif --> linuxstudy.pe.kr /public_html/ver 2.1/sarangbi_bgm/admin/img ok.gif
2002.05.10 01:25 B D:\중요 자료 백업\SARANGBI BGM\ver 2.1\sarangbi_bgm\admin\img\save.gif --> linuxstudy.pe.kr /public_html/ver 2.1/sarangbi_bgm/admin/img save.gif
2002.05.10 01:25 B D:\중요 자료 백업\SARANGBI BGM\ver 2.1\sarangbi_bgm\admin\img\search.gif --> linuxstudy.pe.kr /public_html/ver 2.1/sarangbi_bgm/admin/img search.gif
2002.05.10 01:25 B D:\중요 자료 백업\SARANGBI BGM\ver 2.1\sarangbi_bgm\admin\img\search2.gif --> linuxstudy.pe.kr /public_html/ver 2.1/sarangbi_bgm/admin/img search2.gif
2002.05.10 01:25 B D:\중요 자료 백업\SARANGBI BGM\ver 2.1\sarangbi_bgm\admin\img\speak.gif --> linuxstudy.pe.kr /public_html/ver 2.1/sarangbi_bgm/admin/img speak.gif
2002.05.10 01:25 B D:\중요 자료 백업\SARANGBI BGM\ver 2.1\sarangbi_bgm\admin\img\Thumbs.db --> linuxstudy.pe.kr /public_html/ver 2.1/sarangbi_bgm/admin/img Thumbs.db
2002.05.10 01:25 B D:\중요 자료 백업\SARANGBI BGM\ver 2.1\sarangbi_bgm\admin\img\top.jpg --> linuxstudy.pe.kr /public_html/ver 2.1/sarangbi_bgm/admin/img top.jpg
2002.05.10 01:25 B D:\중요 자료 백업\SARANGBI BGM\ver 2.1\sarangbi_bgm\admin\img\up.gif --> linuxstudy.pe.kr /public_html/ver 2.1/sarangbi_bgm/admin/img up.gif
2002.05.10 01:25 B D:\중요 자료 백업\SARANGBI BGM\ver 2.1\sarangbi_bgm\admin\img\upgrade.jpg --> linuxstudy.pe.kr /public_html/ver 2.1/sarangbi_bgm/admin/img upgrade.jpg
2002.05.10 01:25 B D:\중요 자료 백업\SARANGBI BGM\ver 2.1\sarangbi_bgm\admin\img\upload.gif --> linuxstudy.pe.kr /public_html/ver 2.1/sarangbi_bgm/admin/img upload.gif
2002.05.10 01:25 B D:\중요 자료 백업\SARANGBI BGM\ver 2.1\sarangbi_bgm\admin\img\ver.gif --> linuxstudy.pe.kr /public_html/ver 2.1/sarangbi_bgm/admin/img ver.gif
