2002.05.10 01:25 B D:\중요 자료 백업\SARANGBI BGM\ver 2.1\sarangbi_bgm\skin\pink\button\admin.gif --> linuxstudy.pe.kr /public_html/ver 2.1/sarangbi_bgm/skin/pink/button admin.gif
2002.05.10 01:25 B D:\중요 자료 백업\SARANGBI BGM\ver 2.1\sarangbi_bgm\skin\pink\button\admin_over.gif --> linuxstudy.pe.kr /public_html/ver 2.1/sarangbi_bgm/skin/pink/button admin_over.gif
2002.05.10 01:25 B D:\중요 자료 백업\SARANGBI BGM\ver 2.1\sarangbi_bgm\skin\pink\button\back.gif --> linuxstudy.pe.kr /public_html/ver 2.1/sarangbi_bgm/skin/pink/button back.gif
2002.05.10 01:25 B D:\중요 자료 백업\SARANGBI BGM\ver 2.1\sarangbi_bgm\skin\pink\button\back_over.gif --> linuxstudy.pe.kr /public_html/ver 2.1/sarangbi_bgm/skin/pink/button back_over.gif
2002.05.10 01:25 B D:\중요 자료 백업\SARANGBI BGM\ver 2.1\sarangbi_bgm\skin\pink\button\equal.gif --> linuxstudy.pe.kr /public_html/ver 2.1/sarangbi_bgm/skin/pink/button equal.gif
2002.05.10 01:25 B D:\중요 자료 백업\SARANGBI BGM\ver 2.1\sarangbi_bgm\skin\pink\button\equalpause.gif --> linuxstudy.pe.kr /public_html/ver 2.1/sarangbi_bgm/skin/pink/button equalpause.gif
2002.05.10 01:25 B D:\중요 자료 백업\SARANGBI BGM\ver 2.1\sarangbi_bgm\skin\pink\button\equalstop.gif --> linuxstudy.pe.kr /public_html/ver 2.1/sarangbi_bgm/skin/pink/button equalstop.gif
2002.05.10 01:25 B D:\중요 자료 백업\SARANGBI BGM\ver 2.1\sarangbi_bgm\skin\pink\button\forward.gif --> linuxstudy.pe.kr /public_html/ver 2.1/sarangbi_bgm/skin/pink/button forward.gif
2002.05.10 01:25 B D:\중요 자료 백업\SARANGBI BGM\ver 2.1\sarangbi_bgm\skin\pink\button\forward_over.gif --> linuxstudy.pe.kr /public_html/ver 2.1/sarangbi_bgm/skin/pink/button forward_over.gif
2002.05.10 01:25 B D:\중요 자료 백업\SARANGBI BGM\ver 2.1\sarangbi_bgm\skin\pink\button\list.gif --> linuxstudy.pe.kr /public_html/ver 2.1/sarangbi_bgm/skin/pink/button list.gif
2002.05.10 01:25 B D:\중요 자료 백업\SARANGBI BGM\ver 2.1\sarangbi_bgm\skin\pink\button\list_over.gif --> linuxstudy.pe.kr /public_html/ver 2.1/sarangbi_bgm/skin/pink/button list_over.gif
2002.05.10 01:25 B D:\중요 자료 백업\SARANGBI BGM\ver 2.1\sarangbi_bgm\skin\pink\button\loop.gif --> linuxstudy.pe.kr /public_html/ver 2.1/sarangbi_bgm/skin/pink/button loop.gif
2002.05.10 01:25 B D:\중요 자료 백업\SARANGBI BGM\ver 2.1\sarangbi_bgm\skin\pink\button\loop_over.gif --> linuxstudy.pe.kr /public_html/ver 2.1/sarangbi_bgm/skin/pink/button loop_over.gif
2002.05.10 01:25 B D:\중요 자료 백업\SARANGBI BGM\ver 2.1\sarangbi_bgm\skin\pink\button\one_play.gif --> linuxstudy.pe.kr /public_html/ver 2.1/sarangbi_bgm/skin/pink/button one_play.gif
2002.05.10 01:25 B D:\중요 자료 백업\SARANGBI BGM\ver 2.1\sarangbi_bgm\skin\pink\button\one_play_over.gif --> linuxstudy.pe.kr /public_html/ver 2.1/sarangbi_bgm/skin/pink/button one_play_over.gif
2002.05.10 01:25 B D:\중요 자료 백업\SARANGBI BGM\ver 2.1\sarangbi_bgm\skin\pink\button\pause.gif --> linuxstudy.pe.kr /public_html/ver 2.1/sarangbi_bgm/skin/pink/button pause.gif
2002.05.10 01:25 B D:\중요 자료 백업\SARANGBI BGM\ver 2.1\sarangbi_bgm\skin\pink\button\pause_over.gif --> linuxstudy.pe.kr /public_html/ver 2.1/sarangbi_bgm/skin/pink/button pause_over.gif
2002.05.10 01:25 B D:\중요 자료 백업\SARANGBI BGM\ver 2.1\sarangbi_bgm\skin\pink\button\play.gif --> linuxstudy.pe.kr /public_html/ver 2.1/sarangbi_bgm/skin/pink/button play.gif
2002.05.10 01:25 B D:\중요 자료 백업\SARANGBI BGM\ver 2.1\sarangbi_bgm\skin\pink\button\play_over.gif --> linuxstudy.pe.kr /public_html/ver 2.1/sarangbi_bgm/skin/pink/button play_over.gif
2002.05.10 01:25 B D:\중요 자료 백업\SARANGBI BGM\ver 2.1\sarangbi_bgm\skin\pink\button\random.gif --> linuxstudy.pe.kr /public_html/ver 2.1/sarangbi_bgm/skin/pink/button random.gif
2002.05.10 01:25 B D:\중요 자료 백업\SARANGBI BGM\ver 2.1\sarangbi_bgm\skin\pink\button\random_over.gif --> linuxstudy.pe.kr /public_html/ver 2.1/sarangbi_bgm/skin/pink/button random_over.gif
2002.05.10 01:25 B D:\중요 자료 백업\SARANGBI BGM\ver 2.1\sarangbi_bgm\skin\pink\button\sequence.gif --> linuxstudy.pe.kr /public_html/ver 2.1/sarangbi_bgm/skin/pink/button sequence.gif
2002.05.10 01:25 B D:\중요 자료 백업\SARANGBI BGM\ver 2.1\sarangbi_bgm\skin\pink\button\sequence_over.gif --> linuxstudy.pe.kr /public_html/ver 2.1/sarangbi_bgm/skin/pink/button sequence_over.gif
2002.05.10 01:25 B D:\중요 자료 백업\SARANGBI BGM\ver 2.1\sarangbi_bgm\skin\pink\button\sound_off.gif --> linuxstudy.pe.kr /public_html/ver 2.1/sarangbi_bgm/skin/pink/button sound_off.gif
2002.05.10 01:25 B D:\중요 자료 백업\SARANGBI BGM\ver 2.1\sarangbi_bgm\skin\pink\button\sound_off_over.gif --> linuxstudy.pe.kr /public_html/ver 2.1/sarangbi_bgm/skin/pink/button sound_off_over.gif
2002.05.10 01:25 B D:\중요 자료 백업\SARANGBI BGM\ver 2.1\sarangbi_bgm\skin\pink\button\sound_on.gif --> linuxstudy.pe.kr /public_html/ver 2.1/sarangbi_bgm/skin/pink/button sound_on.gif
2002.05.10 01:25 B D:\중요 자료 백업\SARANGBI BGM\ver 2.1\sarangbi_bgm\skin\pink\button\sound_on_over.gif --> linuxstudy.pe.kr /public_html/ver 2.1/sarangbi_bgm/skin/pink/button sound_on_over.gif
2002.05.10 01:25 B D:\중요 자료 백업\SARANGBI BGM\ver 2.1\sarangbi_bgm\skin\pink\button\stop.gif --> linuxstudy.pe.kr /public_html/ver 2.1/sarangbi_bgm/skin/pink/button stop.gif
2002.05.10 01:25 B D:\중요 자료 백업\SARANGBI BGM\ver 2.1\sarangbi_bgm\skin\pink\button\stop_over.gif --> linuxstudy.pe.kr /public_html/ver 2.1/sarangbi_bgm/skin/pink/button stop_over.gif
2002.05.10 01:25 B D:\중요 자료 백업\SARANGBI BGM\ver 2.1\sarangbi_bgm\skin\pink\button\volume_down.gif --> linuxstudy.pe.kr /public_html/ver 2.1/sarangbi_bgm/skin/pink/button volume_down.gif
2002.05.10 01:25 B D:\중요 자료 백업\SARANGBI BGM\ver 2.1\sarangbi_bgm\skin\pink\button\volume_down_over.gif --> linuxstudy.pe.kr /public_html/ver 2.1/sarangbi_bgm/skin/pink/button volume_down_over.gif
2002.05.10 01:25 B D:\중요 자료 백업\SARANGBI BGM\ver 2.1\sarangbi_bgm\skin\pink\button\volume_up.gif --> linuxstudy.pe.kr /public_html/ver 2.1/sarangbi_bgm/skin/pink/button volume_up.gif
2002.05.10 01:25 B D:\중요 자료 백업\SARANGBI BGM\ver 2.1\sarangbi_bgm\skin\pink\button\volume_up_over.gif --> linuxstudy.pe.kr /public_html/ver 2.1/sarangbi_bgm/skin/pink/button volume_up_over.gif
